// Jest Snapshot v1, https://goo.gl/fbAQLP

exports[`Home Snapshot 1`] = `
<View
  style={
    Object {
      "flex": 1,
    }
  }
>
  <View
    accessibilityIgnoresInvertColors={true}
    style={
      Object {
        "height": "100%",
        "width": "100%",
      }
    }
  >
    <Image
      source={
        Object {
          "testUri": "../../../Resources/home_background.jpg",
        }
      }
      style={
        Array [
          Object {
            "bottom": 0,
            "left": 0,
            "position": "absolute",
            "right": 0,
            "top": 0,
          },
          Object {
            "height": "100%",
            "width": "100%",
          },
          undefined,
        ]
      }
    />
    <View
      style={
        Object {
          "alignItems": "center",
          "flex": 5,
          "flexDirection": "column",
          "padding": 40,
        }
      }
    >
      <Image
        source={
          Object {
            "testUri": "../../../Resources/AQ_Logo.png",
          }
        }
        style={
          Object {
            "height": "100%",
            "width": "100%",
          }
        }
      />
    </View>
    <View
      style={
        Array [
          Object {
            "alignItems": "center",
            "flex": 100,
            "flexDirection": "column",
            "justifyContent": "space-evenly",
          },
          Object {
            "flex": 100,
          },
        ]
      }
    >
      <View
        accessible={true}
        isTVSelectable={true}
        onResponderGrant={[Function]}
        onResponderMove={[Function]}
        onResponderRelease={[Function]}
        onResponderTerminate={[Function]}
        onResponderTerminationRequest={[Function]}
        onStartShouldSetResponder={[Function]}
        style={
          Object {
            "alignItems": "center",
            "backgroundColor": "red",
            "borderColor": "black",
            "borderWidth": 2,
            "height": 50,
            "justifyContent": "space-evenly",
            "padding": 1,
            "width": 150,
          }
        }
        testID="SensorButton"
      >
        <Text
          style={
            Object {
              "color": "white",
              "fontWeight": "bold",
            }
          }
        >
          Sensor
        </Text>
      </View>
      <View
        accessible={true}
        isTVSelectable={true}
        onResponderGrant={[Function]}
        onResponderMove={[Function]}
        onResponderRelease={[Function]}
        onResponderTerminate={[Function]}
        onResponderTerminationRequest={[Function]}
        onStartShouldSetResponder={[Function]}
        style={
          Object {
            "alignItems": "center",
            "backgroundColor": "red",
            "borderColor": "black",
            "borderWidth": 2,
            "height": 50,
            "justifyContent": "space-evenly",
            "padding": 1,
            "width": 150,
          }
        }
        testID="TrackerButton"
      >
        <Text
          style={
            Object {
              "color": "white",
              "fontWeight": "bold",
            }
          }
        >
          Personal Tracker
        </Text>
      </View>
      <View
        accessible={true}
        isTVSelectable={true}
        onResponderGrant={[Function]}
        onResponderMove={[Function]}
        onResponderRelease={[Function]}
        onResponderTerminate={[Function]}
        onResponderTerminationRequest={[Function]}
        onStartShouldSetResponder={[Function]}
        style={
          Object {
            "alignItems": "center",
            "backgroundColor": "red",
            "borderColor": "black",
            "borderWidth": 2,
            "height": 50,
            "justifyContent": "space-evenly",
            "padding": 1,
            "width": 150,
          }
        }
        testID="MapButton"
      >
        <Text
          style={
            Object {
              "color": "white",
              "fontWeight": "bold",
            }
          }
        >
          Sensor Map
        </Text>
      </View>
      <View
        accessible={true}
        isTVSelectable={true}
        onResponderGrant={[Function]}
        onResponderMove={[Function]}
        onResponderRelease={[Function]}
        onResponderTerminate={[Function]}
        onResponderTerminationRequest={[Function]}
        onStartShouldSetResponder={[Function]}
        style={
          Object {
            "alignItems": "center",
            "backgroundColor": "red",
            "borderColor": "black",
            "borderWidth": 2,
            "height": 50,
            "justifyContent": "space-evenly",
            "padding": 1,
            "width": 150,
          }
        }
        testID="SettingsButton"
      >
        <Text
          style={
            Object {
              "color": "white",
              "fontWeight": "bold",
            }
          }
        >
          Settings
        </Text>
      </View>
    </View>
  </View>
</View>
`;
