// Jest Snapshot v1, https://goo.gl/fbAQLP

exports[`Snapshot ConnectionSetup Setup 1`] = `
<View
  style={
    Object {
      "flex": 1,
      "flexDirection": "column",
      "height": "80%",
      "justifyContent": "space-between",
      "paddingTop": 30,
    }
  }
>
  <View
    style={
      Object {
        "flex": 10,
      }
    }
  >
    <View
      style={
        Object {
          "flex": 1,
        }
      }
    >
      <Text>
        Find a suitible spot to mount the sensor outside. The location you choose should be: 
      </Text>
      <Text />
      <Text>
         1. Near a power outlet
      </Text>
      <Text>
         2. Near a WiFi connection
      </Text>
      <Text>
         3. At least 4 ft. above ground
      </Text>
      <Text>
         4. Protected from rain and snow
      </Text>
      <Text>
         5. Away from exhast vents
      </Text>
      <Text />
      <Text>
        Once a spot is found, use the zip ties to fix to the location and plug in the sensor
      </Text>
    </View>
    <Image
      source={
        Object {
          "testUri": "../../../Resources/SensorMounting.png",
        }
      }
      style={
        Object {
          "alignContent": "center",
          "flex": 1,
          "height": "10%",
          "justifyContent": "center",
          "width": "40%",
        }
      }
    />
    <View
      style={
        Object {
          "flex": 1,
        }
      }
    >
      <Text />
      <Text>
        After this is complete and the sensor has powered on, proceed to the next step
      </Text>
      <Text />
    </View>
  </View>
  <View
    onLayout={[Function]}
    style={
      Object {
        "alignContent": "flex-start",
        "flex": 1,
        "justifyContent": "flex-start",
        "paddingLeft": 30,
      }
    }
  >
    <Text>
      Enter a name for your sensor
    </Text>
    <TextInput
      allowFontScaling={true}
      autoCorrect={false}
      editable={true}
      keyboardType="default"
      onChangeText={[Function]}
      placeholder="Sensor Name"
      secureTextEntry={false}
      style={
        Object {
          "alignContent": "center",
          "backgroundColor": "white",
          "borderColor": "black",
          "borderWidth": 1,
          "height": 40,
          "justifyContent": "center",
          "paddingBottom": 10,
          "width": "50%",
        }
      }
      underlineColorAndroid="transparent"
    />
  </View>
</View>
`;
